// Jest Snapshot v1, https://goo.gl/fbAQLP

exports[`Footer should render 1`] = `
<span>
  2021 - AspNetCoreMVCJqueryToReact
</span>
`;
